                         ; Source: https://www.jaapsch.net/psion/mcmnemal.htm
                         
                              OPT     H03 
                         
 0010                 Z10     EQU     $10
 3210                 Z3210   EQU     $3210

 0023                 M8      EQU     $23
 0123                 M16     EQU     $0123

 0045                 D45     EQU     $45
                         
                              ORG $FE00

 FE00 1B                      ABA       
 FE01 3A                      ABX       

 FE02 8910                    ADCA #Z10    
 FE04 9923                    ADCA M8   
 FE06 A945                    ADCA D45,X  
 FE08 B90123                  ADCA M16   
 FE0B C910                    ADCB #Z10      
 FE0D D923                    ADCB M8   
 FE0F E945                    ADCB D45,X  
 FE11 F90123                  ADCB M16   
                         
 FE14 8B10                    ADDA #Z10      
 FE16 9B23                    ADDA M8   
 FE18 AB45                    ADDA D45,X  
 FE1A BB0123                  ADDA M16   
 FE1D CB10                    ADDB #Z10      
 FE1F DB23                    ADDB M8   
 FE21 EB45                    ADDB D45,X  
 FE23 FB0123                  ADDB M16   
 FE26 C30010                  ADDD #Z10  
 FE29 D323                    ADDD M8   
 FE2B E345                    ADDD D45,X  
 FE2D F30123                  ADDD M16   

 FE30 711023                  AIM #Z10,M8  
 FE33 611045                  AIM #Z10,D45,X 

 FE36 8410                    ANDA #Z10    
 FE38 9423                    ANDA M8   
 FE3A A445                    ANDA D45,X  
 FE3C B40123                  ANDA M16   
 FE3F C410                    ANDB #Z10    
 FE41 D423                    ANDB M8   
 FE43 E445                    ANDB D45,X  
 FE45 F40123                  ANDB M16   

 FE48 6845                    ASL D45,X   
 FE4A 780123                  ASL M16    
 FE4D 48                      ASLA      
 FE4E 58                      ASLB      
 FE4F 05                      ASLD      

 FE50 6745                    ASR D45,X   
 FE52 770123                  ASR M16    
 FE55 47                      ASRA      
 FE56 57                      ASRB      

 FE57 8510                    BITA #Z10    
 FE59 9523                    BITA M8   
 FE5B A545                    BITA D45,X  
 FE5D B50123                  BITA M16   
 FE60 C510                    BITB #Z10    
 FE62 D523                    BITB M8   
 FE64 E545                    BITB D45,X  
 FE66 F50123                  BITB M16   
                         
                      R8:
 FE69 20FE                    BRA R8
 FE6B 21FC                    BRN R8
 FE6D 22FA                    BHI R8
 FE6F 23F8                    BLS R8
 FE71 24F6                    BCC R8
 FE73 25F4                    BCS R8
 FE75 26F2                    BNE R8
 FE77 27F0                    BEQ R8
 FE79 28EE                    BVC R8
 FE7B 29EC                    BVS R8
 FE7D 2AEA                    BPL R8
 FE7F 2BE8                    BMI R8
 FE81 2CE6                    BGE R8
 FE83 2DE4                    BLT R8
 FE85 2EE2                    BGT R8
 FE87 2FE0                    BLE R8

 FE89 8DDE                    BSR R8

 FE8B 11                      CBA       
 FE8C 8110                    CMPA #Z10    
 FE8E 9123                    CMPA M8   
 FE90 A145                    CMPA D45,X  
 FE92 B10123                  CMPA M16   
 FE95 C110                    CMPB #Z10    
 FE97 D123                    CMPB M8   
 FE99 E145                    CMPB D45,X  
 FE9B F10123                  CMPB M16   
 FE9E 8C3210                  CPX #Z3210    
 FEA1 9C23                    CPX M8    
 FEA3 AC45                    CPX D45,X   
 FEA5 BC0123                  CPX M16    

 FEA8 0C                      CLC       
 FEA9 0E                      CLI       
 FEAA 0A                      CLV       

 FEAB 6F45                    CLR D45,X   
 FEAD 7F0123                  CLR M16    
 FEB0 4F                      CLRA      
 FEB1 5F                      CLRB      

 FEB2 6345                    COM D45,X   
 FEB4 730123                  COM M16    
 FEB7 43                      COMA      
 FEB8 53                      COMB      

 FEB9 19                      DAA       

 FEBA 6A45                    DEC D45,X   
 FEBC 7A0123                  DEC M16    
 FEBF 4A                      DECA      
 FEC0 5A                      DECB      
 FEC1 34                      DES       
 FEC2 09                      DEX       

 FEC3 751023                  EIM #Z10,M8  
 FEC6 651045                  EIM #Z10,D45,X 

 FEC9 8810                    EORA #Z10    
 FECB 9823                    EORA M8   
 FECD A845                    EORA D45,X  
 FECF B80123                  EORA M16   
 FED2 C810                    EORB #Z10    
 FED4 D823                    EORB M8   
 FED6 E845                    EORB D45,X  
 FED8 F80123                  EORB M16   

 FEDB 6C45                    INC D45,X   
 FEDD 7C0123                  INC M16    
 FEE0 4C                      INCA      
 FEE1 5C                      INCB      
 FEE2 31                      INS       
 FEE3 08                      INX       

 FEE4 6E45                    JMP D45,X   
 FEE6 7E0123                  JMP M16    

 FEE9 9D23                    JSR M8    
 FEEB AD45                    JSR D45,X   
 FEED BD0123                  JSR M16    

 FEF0 8610                    LDAA #Z10    
 FEF2 9623                    LDAA M8   
 FEF4 A645                    LDAA D45,X  
 FEF6 B60123                  LDAA M16   
 FEF9 C610                    LDAB #Z10    
 FEFB D623                    LDAB M8   
 FEFD E645                    LDAB D45,X  
 FEFF F60123                  LDAB M16   
 FF02 CC3210                  LDD #Z3210  
 FF05 DC23                    LDD M8    
 FF07 EC45                    LDD D45,X   
 FF09 FC0123                  LDD M16    
 FF0C 8E3210                  LDS #Z3210  
 FF0F 9E23                    LDS M8    
 FF11 AE45                    LDS D45,X   
 FF13 BE0123                  LDS M16    
 FF16 CE3210                  LDX #Z3210  
 FF19 DE23                    LDX M8    
 FF1B EE45                    LDX D45,X   
 FF1D FE0123                  LDX M16    

 FF20 6445                    LSR D45,X   
 FF22 740123                  LSR M16    
 FF25 44                      LSRA      
 FF26 54                      LSRB      
 FF27 04                      LSRD      

 FF28 3D                      MUL       

 FF29 6045                    NEG D45,X   
 FF2B 700123                  NEG M16    
 FF2E 40                      NEGA      
 FF2F 50                      NEGB      

 FF30 01                      NOP       

 FF31 721023                  OIM #Z10,M8  
 FF34 621045                  OIM #Z10,D45,X 

 FF37 8A10                    ORAA #Z10    
 FF39 9A23                    ORAA M8   
 FF3B AA45                    ORAA D45,X  
 FF3D BA0123                  ORAA M16   
 FF40 CA10                    ORAB #Z10    
 FF42 DA23                    ORAB M8   
 FF44 EA45                    ORAB D45,X  
 FF46 FA0123                  ORAB M16   

 FF49 36                      PSHA      
 FF4A 37                      PSHB      
 FF4B 3C                      PSHX      

 FF4C 32                      PULA      
 FF4D 33                      PULB      
 FF4E 38                      PULX      

 FF4F 6945                    ROL D45,X   
 FF51 790123                  ROL M16    
 FF54 49                      ROLA      
 FF55 59                      ROLB      

 FF56 6645                    ROR D45,X   
 FF58 760123                  ROR M16    
 FF5B 46                      RORA      
 FF5C 56                      RORB      

 FF5D 3B                      RTI       
 FF5E 39                      RTS       

 FF5F 10                      SBA       

 FF60 8210                    SBCA #Z10    
 FF62 9223                    SBCA M8   
 FF64 A245                    SBCA D45,X  
 FF66 B20123                  SBCA M16   
 FF69 C210                    SBCB #Z10    
 FF6B D223                    SBCB M8   
 FF6D E245                    SBCB D45,X  
 FF6F F20123                  SBCB M16   

 FF72 0D                      SEC       
 FF73 0F                      SEI       
 FF74 0B                      SEV       

 FF75 1A                      SLP       

 FF76 9723                    STAA M8   
 FF78 A745                    STAA D45,X  
 FF7A B70123                  STAA M16   
 FF7D D723                    STAB M8   
 FF7F E745                    STAB D45,X  
 FF81 F70123                  STAB M16   
 FF84 DD23                    STD M8    
 FF86 ED45                    STD D45,X   
 FF88 FD0123                  STD M16    
 FF8B 9F23                    STS M8    
 FF8D AF45                    STS D45,X   
 FF8F BF0123                  STS M16    
 FF92 DF23                    STX M8    
 FF94 EF45                    STX D45,X   
 FF96 FF0123                  STX M16    

 FF99 8010                    SUBA #Z10    
 FF9B 9023                    SUBA M8   
 FF9D A045                    SUBA D45,X  
 FF9F B00123                  SUBA M16   
 FFA2 C010                    SUBB #Z10    
 FFA4 D023                    SUBB M8   
 FFA6 E045                    SUBB D45,X  
 FFA8 F00123                  SUBB M16   
 FFAB 833210                  SUBD #Z3210  
 FFAE 9323                    SUBD M8   
 FFB0 A345                    SUBD D45,X  
 FFB2 B30123                  SUBD M16   

 FFB5 3F                      SWI       

 FFB6 16                      TAB       
 FFB7 06                      TAP       
 FFB8 17                      TBA       
 FFB9 07                      TPA       
 FFBA 30                      TSX       
 FFBB 35                      TXS       

 FFBC 7B1023                  TIM #Z10,M8  
 FFBF 6B1045                  TIM #Z10,D45,X 

                              ;    TRAP      

 FFC2 6D45                    TST D45,X   
 FFC4 7D0123                  TST M16    
 FFC7 4D                      TSTA      
 FFC8 5D                      TSTB      

 FFC9 3E                      WAI       
 FFCA 18                      XGDX      

                              END

SYMBOL TABLE
       D45 00 0045       M16 00 0123        M8 00 0023        R8 02 FE69
       Z10 00 0010     Z3210 00 3210
6 SYMBOLS

0 error(s), 0 warning(s)
